Running Automated Tests for Leftovers Lifecycle...
------------------------------------------------

[PASS] Setup: Created 10kg Fresh Purchase (2026-03-05)

Fatal error: Uncaught PDOException: There is no active transaction in C:\xampp\htdocs\qat\tests\test_leftovers_lifecycle.php:62
Stack trace:
#0 C:\xampp\htdocs\qat\tests\test_leftovers_lifecycle.php(62): PDO->rollBack()
#1 {main}
  thrown in C:\xampp\htdocs\qat\tests\test_leftovers_lifecycle.php on line 62
